
> sacred-connect-server@1.0.0 test
> jest tests/integration/priestSignupFlow.test.js

  console.log
    2025-12-31T10:11:21.263Z - POST /api/auth/register

      at log (server.js:56:11)

  console.error
    Register error: Error: User validation failed: languagesSpoken.0: Cast to [ObjectId] failed for value "[ 'English', 'Hindi' ]" (type string) at path "languagesSpoken.0" because of "CastError"
        at ValidationError.inspect (C:\Users\pgopa\OneDrive\Documents\GitHub\BMPserver\node_modules\mongoose\lib\error\validation.js:50:26)
        at formatValue (node:internal/util/inspect:850:19)
        at inspect (node:internal/util/inspect:387:10)
        at formatWithOptionsInternal (node:internal/util/inspect:2366:40)
        at format (node:internal/util/inspect:2223:10)
        at console.error (C:\Users\pgopa\OneDrive\Documents\GitHub\BMPserver\node_modules\@jest\console\build\index.js:288:48)
        at error (C:\Users\pgopa\OneDrive\Documents\GitHub\BMPserver\controllers\authController.js:106:13)
        at processTicksAndRejections (node:internal/process/task_queues:105:5) {
      errors: {
        'languagesSpoken.0': CastError: Cast to [ObjectId] failed for value "[ 'English', 'Hindi' ]" (type string) at path "languagesSpoken.0" because of "CastError"
            at SchemaArray.cast (C:\Users\pgopa\OneDrive\Documents\GitHub\BMPserver\node_modules\mongoose\lib\schema\array.js:401:15)
            at SchemaArray.SchemaType.applySetters (C:\Users\pgopa\OneDrive\Documents\GitHub\BMPserver\node_modules\mongoose\lib\schematype.js:1219:12)
            at model.$set (C:\Users\pgopa\OneDrive\Documents\GitHub\BMPserver\node_modules\mongoose\lib\document.js:1422:22)
            at model.$set (C:\Users\pgopa\OneDrive\Documents\GitHub\BMPserver\node_modules\mongoose\lib\document.js:1119:16)
            at model.Document (C:\Users\pgopa\OneDrive\Documents\GitHub\BMPserver\node_modules\mongoose\lib\document.js:165:12)
            at model.Model (C:\Users\pgopa\OneDrive\Documents\GitHub\BMPserver\node_modules\mongoose\lib\model.js:123:12)
            at new model (C:\Users\pgopa\OneDrive\Documents\GitHub\BMPserver\node_modules\mongoose\lib\model.js:4758:15)
            at exports.register (C:\Users\pgopa\OneDrive\Documents\GitHub\BMPserver\controllers\authController.js:35:18) {
          stringValue: `"[ 'English', 'Hindi' ]"`,
          messageFormat: undefined,
          kind: '[ObjectId]',
          value: "[ 'English', 'Hindi' ]",
          path: 'languagesSpoken.0',
          reason: [CastError],
          valueType: 'string'
        }
      },
      _message: 'User validation failed'
    }

    [0m [90m 104 |[39m     })[33m;[39m
     [90m 105 |[39m   } [36mcatch[39m (error) {
    [31m[1m>[22m[39m[90m 106 |[39m     console[33m.[39merror([32m'Register error:'[39m[33m,[39m error)[33m;[39m
     [90m     |[39m             [31m[1m^[22m[39m
     [90m 107 |[39m     res[33m.[39mstatus([35m500[39m)[33m.[39mjson({ message[33m:[39m [32m'Server error during registration'[39m })[33m;[39m
     [90m 108 |[39m   }
     [90m 109 |[39m }[33m;[39m[0m

      at error (controllers/authController.js:106:13)

  console.error
    Register Error: { message: 'Server error during registration' }

    [0m [90m 38 |[39m         
     [90m 39 |[39m         [36mif[39m (registerRes[33m.[39mstatusCode [33m!==[39m [35m201[39m) {
    [31m[1m>[22m[39m[90m 40 |[39m             console[33m.[39merror([32m"Register Error:"[39m[33m,[39m registerRes[33m.[39mbody)[33m;[39m
     [90m    |[39m                     [31m[1m^[22m[39m
     [90m 41 |[39m         }
     [90m 42 |[39m         expect(registerRes[33m.[39mstatusCode)[33m.[39mtoBe([35m201[39m)[33m;[39m
     [90m 43 |[39m         expect(registerRes[33m.[39mbody)[33m.[39mtoHaveProperty([32m'token'[39m)[33m;[39m[0m

      at Object.error (tests/integration/priestSignupFlow.test.js:40:21)

node.exe : FAIL tests/integration/prie
stSignupFlow.test.js
At C:\Program Files\nodejs\npm.ps1:29 
char:3
+   & $NODE_EXE $NPM_CLI_JS $args
+   ~~~~~~~~~~~~~~~~~~~~~~~~~~~~~
    + CategoryInfo          : NotSpec 
   ified: (FAIL tests/inte...nupFlow  
  .test.js:String) [], RemoteExcept   
 ion
    + FullyQualifiedErrorId : NativeC 
   ommandError
 
  Priest Signup & Profile Integration
    ├ù Full Priest Onboarding Flow 
(393 ms)

  ΓùÅ Priest Signup & Profile 
Integration ΓÇ║ Full Priest 
Onboarding Flow

    expect(received).toBe(expected) 
// Object.is equality

    Expected: 201
    Received: 500

    [0m [90m 40 |[39m             c
onsole[33m.[39merror([32m"Register 
Error:"[39m[33m,[39m 
registerRes[33m.[39mbody)[33m;[39m
     [90m 41 |[39m         }
    [31m[1m>[22m[39m[90m 42 
|[39m         expect(registerRes[33m
.[39mstatusCode)[33m.[39mtoBe([35m
201[39m)[33m;[39m
     [90m    |[39m                  
                      
[31m[1m^[22m[39m
     [90m 43 |[39m         expect(re
gisterRes[33m.[39mbody)[33m.[39mto
HaveProperty([32m'token'[39m)[33m;
[39m
     [90m 44 |[39m         token 
[33m=[39m registerRes[33m.[39mbody
[33m.[39mtoken[33m;[39m
     [90m 45 |[39m[0m

      at Object.toBe (tests/integratio
n/priestSignupFlow.test.js:42:40)

Test Suites: 1 failed, 1 total
Tests:       1 failed, 1 total
Snapshots:   0 total
Time:        2.937 s, estimated 5 s
Ran all test suites matching tests/int
egration/priestSignupFlow.test.js.
